node.exe : `next lint` is 
deprecated and will be 
removed in Next.js 16.
At line:1 char:1
+ & "C:\Program 
Files\nodejs/node.exe" 
"C:\Program 
Files\nodejs/node_mo ...
+ ~~~~~~~~~~~~~~~~~~~~~~~~~~
~~~~~~~~~~~~~~~~~~~~~~~~~~~~
~~~~~~~~~~~~~~~
    + CategoryInfo          
    : NotSpecified: (`next  
   lint` is ... in Next.j   
 s 16.:String) [], Remot    
eException
    + FullyQualifiedErrorId 
    : NativeCommandError
 
For new projects, use 
create-next-app to choose 
your preferred linter.
For existing projects, 
migrate to the ESLint CLI:
npx @next/codemod@canary 
next-lint-to-eslint-cli .


./app/messages/page.tsx
4:78  Warning: 'memo' is 
defined but never used.  @ty
pescript-eslint/no-unused-va
rs
57:19  Warning: 
'isConnected' is assigned a 
value but never used.  @type
script-eslint/no-unused-vars
57:50  Warning: 
'leaveConversation' is 
assigned a value but never 
used.  @typescript-eslint/no
-unused-vars
62:58  Error: Unexpected 
any. Specify a different 
type.  @typescript-eslint/no
-explicit-any
66:10  Warning: 
'messagesLoading' is 
assigned a value but never 
used.  @typescript-eslint/no
-unused-vars
78:9  Warning: 
'lastRefreshAtRef' is 
assigned a value but never 
used.  @typescript-eslint/no
-unused-vars
115:40  Warning: The ref 
value 
'refreshTimeoutRef.current' 
will likely have changed by 
the time this effect 
cleanup function runs. If 
this ref points to a node 
rendered by React, copy 
'refreshTimeoutRef.current' 
to a variable inside the 
effect, and use that 
variable in the cleanup 
function.  
react-hooks/exhaustive-deps
121:6  Warning: React Hook 
useEffect has a missing 
dependency: 
'loadConversations'. Either 
include it or remove the 
dependency array.  
react-hooks/exhaustive-deps
134:51  Error: Unexpected 
any. Specify a different 
type.  @typescript-eslint/no
-explicit-any
134:74  Error: Unexpected 
any. Specify a different 
type.  @typescript-eslint/no
-explicit-any
143:51  Error: Unexpected 
any. Specify a different 
type.  @typescript-eslint/no
-explicit-any
239:7  Warning: Expected an 
assignment or function call 
and instead saw an 
expression.  @typescript-esl
int/no-unused-expressions
240:7  Warning: Expected an 
assignment or function call 
and instead saw an 
expression.  @typescript-esl
int/no-unused-expressions
241:7  Warning: Expected an 
assignment or function call 
and instead saw an 
expression.  @typescript-esl
int/no-unused-expressions
242:7  Warning: Expected an 
assignment or function call 
and instead saw an 
expression.  @typescript-esl
int/no-unused-expressions
243:7  Warning: Expected an 
assignment or function call 
and instead saw an 
expression.  @typescript-esl
int/no-unused-expressions
245:6  Warning: React Hook 
useEffect has a missing 
dependency: 'user'. Either 
include it or remove the 
dependency array.  
react-hooks/exhaustive-deps
317:6  Warning: React Hook 
useEffect has missing 
dependencies: 
'handleConversationClick' 
and 'startNewConversation'. 
Either include them or 
remove the dependency 
array.  
react-hooks/exhaustive-deps
334:21  Error: Unexpected 
any. Specify a different 
type.  @typescript-eslint/no
-explicit-any
355:47  Error: Unexpected 
any. Specify a different 
type.  @typescript-eslint/no
-explicit-any
357:22  Error: Unexpected 
any. Specify a different 
type.  @typescript-eslint/no
-explicit-any
360:44  Error: Unexpected 
any. Specify a different 
type.  @typescript-eslint/no
-explicit-any
361:38  Error: Unexpected 
any. Specify a different 
type.  @typescript-eslint/no
-explicit-any
363:33  Error: Unexpected 
any. Specify a different 
type.  @typescript-eslint/no
-explicit-any
364:21  Error: Unexpected 
any. Specify a different 
type.  @typescript-eslint/no
-explicit-any
364:57  Error: Unexpected 
any. Specify a different 
type.  @typescript-eslint/no
-explicit-any
372:46  Error: Unexpected 
any. Specify a different 
type.  @typescript-eslint/no
-explicit-any
372:60  Error: Unexpected 
any. Specify a different 
type.  @typescript-eslint/no
-explicit-any
375:53  Error: Unexpected 
any. Specify a different 
type.  @typescript-eslint/no
-explicit-any
388:21  Error: Unexpected 
any. Specify a different 
type.  @typescript-eslint/no
-explicit-any
405:23  Error: Unexpected 
any. Specify a different 
type.  @typescript-eslint/no
-explicit-any
428:45  Error: Unexpected 
any. Specify a different 
type.  @typescript-eslint/no
-explicit-any
538:21  Error: Unexpected 
any. Specify a different 
type.  @typescript-eslint/no
-explicit-any
728:21  Error: Unexpected 
any. Specify a different 
type.  @typescript-eslint/no
-explicit-any
764:21  Error: Unexpected 
any. Specify a different 
type.  @typescript-eslint/no
-explicit-any
794:21  Error: Unexpected 
any. Specify a different 
type.  @typescript-eslint/no
-explicit-any
825:21  Error: Unexpected 
any. Specify a different 
type.  @typescript-eslint/no
-explicit-any
1129:48  Warning: 'index' 
is defined but never used.  
@typescript-eslint/no-unused
-vars

./app/notifications/page.tsx
17:10  Error: Unexpected 
any. Specify a different 
type.  @typescript-eslint/no
-explicit-any
40:10  Warning: 
'loadingRequests' is 
assigned a value but never 
used.  @typescript-eslint/no
-unused-vars
64:21  Error: Unexpected 
any. Specify a different 
type.  @typescript-eslint/no
-explicit-any
75:51  Error: Unexpected 
any. Specify a different 
type.  @typescript-eslint/no
-explicit-any
90:56  Error: Unexpected 
any. Specify a different 
type.  @typescript-eslint/no
-explicit-any
134:19  Error: Unexpected 
any. Specify a different 
type.  @typescript-eslint/no
-explicit-any
294:70  Warning: 'index' is 
defined but never used.  @ty
pescript-eslint/no-unused-va
rs

./app/profile/me/page.tsx
157:27  Warning: 'e' is 
defined but never used.  @ty
pescript-eslint/no-unused-va
rs
192:9  Warning: 'router' is 
assigned a value but never 
used.  @typescript-eslint/no
-unused-vars
236:67  Error: Unexpected 
any. Specify a different 
type.  @typescript-eslint/no
-explicit-any
251:39  Error: Unexpected 
any. Specify a different 
type.  @typescript-eslint/no
-explicit-any
300:21  Error: Unexpected 
any. Specify a different 
type.  @typescript-eslint/no
-explicit-any
347:9  Warning: 
'handleTabChange' is 
assigned a value but never 
used.  @typescript-eslint/no
-unused-vars
358:63  Error: Unexpected 
any. Specify a different 
type.  @typescript-eslint/no
-explicit-any
359:79  Error: Unexpected 
any. Specify a different 
type.  @typescript-eslint/no
-explicit-any
360:6  Warning: React Hook 
useEffect has a missing 
dependency: 
'fetchUserProfile'. Either 
include it or remove the 
dependency array.  
react-hooks/exhaustive-deps
406:22  Error: Unexpected 
any. Specify a different 
type.  @typescript-eslint/no
-explicit-any
419:21  Error: Unexpected 
any. Specify a different 
type.  @typescript-eslint/no
-explicit-any
486:21  Error: Unexpected 
any. Specify a different 
type.  @typescript-eslint/no
-explicit-any
499:9  Warning: 
'handlePostClick' is 
assigned a value but never 
used.  @typescript-eslint/no
-unused-vars
561:12  Error: Unexpected 
any. Specify a different 
type.  @typescript-eslint/no
-explicit-any
606:21  Error: Unexpected 
any. Specify a different 
type.  @typescript-eslint/no
-explicit-any
640:21  Error: Unexpected 
any. Specify a different 
type.  @typescript-eslint/no
-explicit-any

./app/profile/[id]/page.tsx
59:52  Error: Unexpected 
any. Specify a different 
type.  @typescript-eslint/no
-explicit-any
68:6  Warning: React Hook 
useEffect has a missing 
dependency: 
'fetchUserProfile'. Either 
include it or remove the 
dependency array.  
react-hooks/exhaustive-deps
80:21  Error: Unexpected 
any. Specify a different 
type.  @typescript-eslint/no
-explicit-any
452:43  Warning: 'postData' 
is defined but never used.  
@typescript-eslint/no-unused
-vars
460:104  Error: `'` can be 
escaped with `&apos;`, 
`&lsquo;`, `&#39;`, 
`&rsquo;`.  
react/no-unescaped-entities

./app/settings/page.tsx
26:9  Warning: 'router' is 
assigned a value but never 
used.  @typescript-eslint/no
-unused-vars
29:10  Warning: 'saving' is 
assigned a value but never 
used.  @typescript-eslint/no
-unused-vars
66:45  Error: Unexpected 
any. Specify a different 
type.  @typescript-eslint/no
-explicit-any
82:21  Error: Unexpected 
any. Specify a different 
type.  @typescript-eslint/no
-explicit-any
102:21  Error: Unexpected 
any. Specify a different 
type.  @typescript-eslint/no
-explicit-any
126:19  Error: Unexpected 
any. Specify a different 
type.  @typescript-eslint/no
-explicit-any
167:19  Error: Unexpected 
any. Specify a different 
type.  @typescript-eslint/no
-explicit-any
180:43  Error: Unexpected 
any. Specify a different 
type.  @typescript-eslint/no
-explicit-any
201:29  Error: Unexpected 
any. Specify a different 
type.  @typescript-eslint/no
-explicit-any
202:29  Error: Unexpected 
any. Specify a different 
type.  @typescript-eslint/no
-explicit-any
228:22  Error: Unexpected 
any. Specify a different 
type.  @typescript-eslint/no
-explicit-any
243:21  Error: Unexpected 
any. Specify a different 
type.  @typescript-eslint/no
-explicit-any
275:21  Error: Unexpected 
any. Specify a different 
type.  @typescript-eslint/no
-explicit-any
597:54  Error: `'` can be 
escaped with `&apos;`, 
`&lsquo;`, `&#39;`, 
`&rsquo;`.  
react/no-unescaped-entities
623:54  Error: `'` can be 
escaped with `&apos;`, 
`&lsquo;`, `&#39;`, 
`&rsquo;`.  
react/no-unescaped-entities

./app/suggestions/page.tsx
41:52  Error: Unexpected 
any. Specify a different 
type.  @typescript-eslint/no
-explicit-any
46:82  Error: Unexpected 
any. Specify a different 
type.  @typescript-eslint/no
-explicit-any
61:19  Error: Unexpected 
any. Specify a different 
type.  @typescript-eslint/no
-explicit-any

./app/swipe/page.tsx
32:10  Warning: 
'swipeDirection' is 
assigned a value but never 
used.  @typescript-eslint/no
-unused-vars
54:52  Error: Unexpected 
any. Specify a different 
type.  @typescript-eslint/no
-explicit-any
65:25  Error: Unexpected 
any. Specify a different 
type.  @typescript-eslint/no
-explicit-any
69:22  Error: Unexpected 
any. Specify a different 
type.  @typescript-eslint/no
-explicit-any
91:19  Error: Unexpected 
any. Specify a different 
type.  @typescript-eslint/no
-explicit-any

./app/uniwall/page.tsx
62:31  Error: Unexpected 
any. Specify a different 
type.  @typescript-eslint/no
-explicit-any
70:31  Error: Unexpected 
any. Specify a different 
type.  @typescript-eslint/no
-explicit-any

./pages/api/auth/forgot-pass
word.ts
50:12  Error: Unexpected 
any. Specify a different 
type.  @typescript-eslint/no
-explicit-any

./pages/api/auth/login.ts
35:43  Error: Unexpected 
any. Specify a different 
type.  @typescript-eslint/no
-explicit-any
38:28  Warning: '_' is 
assigned a value but never 
used.  @typescript-eslint/no
-unused-vars

./pages/api/auth/register.ts
92:41  Error: Unexpected 
any. Specify a different 
type.  @typescript-eslint/no
-explicit-any

./pages/api/comments/like.ts
42:12  Error: Unexpected 
any. Specify a different 
type.  @typescript-eslint/no
-explicit-any

./pages/api/comments.ts
2:94  Warning: 
'serializeDoc' is defined 
but never used.  @typescript
-eslint/no-unused-vars
44:69  Error: Unexpected 
any. Specify a different 
type.  @typescript-eslint/no
-explicit-any
50:77  Error: Unexpected 
any. Specify a different 
type.  @typescript-eslint/no
-explicit-any
61:70  Error: Unexpected 
any. Specify a different 
type.  @typescript-eslint/no
-explicit-any
64:61  Error: Unexpected 
any. Specify a different 
type.  @typescript-eslint/no
-explicit-any
86:43  Error: Unexpected 
any. Specify a different 
type.  @typescript-eslint/no
-explicit-any
157:46  Error: Unexpected 
any. Specify a different 
type.  @typescript-eslint/no
-explicit-any
179:72  Error: Unexpected 
any. Specify a different 
type.  @typescript-eslint/no
-explicit-any
180:23  Error: Unexpected 
any. Specify a different 
type.  @typescript-eslint/no
-explicit-any

./pages/api/db/test.ts
7:19  Error: Unexpected 
any. Specify a different 
type.  @typescript-eslint/no
-explicit-any
31:19  Error: Unexpected 
any. Specify a different 
type.  @typescript-eslint/no
-explicit-any

./pages/api/debug/test-post.
ts
41:11  Warning: 'userCount' 
is assigned a value but 
never used.  @typescript-esl
int/no-unused-vars

./pages/api/graph/follow.ts
107:21  Error: Unexpected 
any. Specify a different 
type.  @typescript-eslint/no
-explicit-any

./pages/api/graph/followers.
ts
108:21  Error: Unexpected 
any. Specify a different 
type.  @typescript-eslint/no
-explicit-any

./pages/api/graph/following.
ts
101:21  Error: Unexpected 
any. Specify a different 
type.  @typescript-eslint/no
-explicit-any

./pages/api/graph/interactio
n.ts
107:21  Error: Unexpected 
any. Specify a different 
type.  @typescript-eslint/no
-explicit-any

./pages/api/graph/mutual.ts
92:21  Error: Unexpected 
any. Specify a different 
type.  @typescript-eslint/no
-explicit-any

./pages/api/graph/relationsh
ip.ts
82:21  Error: Unexpected 
any. Specify a different 
type.  @typescript-eslint/no
-explicit-any

./pages/api/graph/stats.ts
84:21  Error: Unexpected 
any. Specify a different 
type.  @typescript-eslint/no
-explicit-any

./pages/api/graph/suggestion
s.ts
106:21  Error: Unexpected 
any. Specify a different 
type.  @typescript-eslint/no
-explicit-any

./pages/api/messages/convers
ation/[userId].ts
89:69  Error: Unexpected 
any. Specify a different 
type.  @typescript-eslint/no
-explicit-any

./pages/api/messages/convers
ations/[id]/archive.ts
3:10  Warning: 
'getCollection' is defined 
but never used.  @typescript
-eslint/no-unused-vars
3:25  Warning: 
'Collections' is defined 
but never used.  @typescript
-eslint/no-unused-vars

./pages/api/messages/convers
ations.ts
49:81  Error: Unexpected 
any. Specify a different 
type.  @typescript-eslint/no
-explicit-any

./pages/api/messages/index.t
s
62:83  Error: Unexpected 
any. Specify a different 
type.  @typescript-eslint/no
-explicit-any
85:51  Error: Unexpected 
any. Specify a different 
type.  @typescript-eslint/no
-explicit-any
109:49  Warning: 'isMeta' 
is assigned a value but 
never used.  @typescript-esl
int/no-unused-vars
154:44  Error: Unexpected 
any. Specify a different 
type.  @typescript-eslint/no
-explicit-any

./pages/api/messages/send.ts
7:11  Error: Unexpected 
any. Specify a different 
type.  @typescript-eslint/no
-explicit-any
84:44  Error: Unexpected 
any. Specify a different 
type.  @typescript-eslint/no
-explicit-any

./pages/api/messages/[messag
eId]/unsend.ts
79:17  Error: Unexpected 
any. Specify a different 
type.  @typescript-eslint/no
-explicit-any

./pages/api/posts/aura.ts
65:14  Error: Unexpected 
any. Specify a different 
type.  @typescript-eslint/no
-explicit-any
91:24  Error: Unexpected 
any. Specify a different 
type.  @typescript-eslint/no
-explicit-any
92:23  Error: Unexpected 
any. Specify a different 
type.  @typescript-eslint/no
-explicit-any

./pages/api/posts/index.ts
54:19  Error: Unexpected 
any. Specify a different 
type.  @typescript-eslint/no
-explicit-any
60:41  Error: Unexpected 
any. Specify a different 
type.  @typescript-eslint/no
-explicit-any
60:78  Error: Unexpected 
any. Specify a different 
type.  @typescript-eslint/no
-explicit-any
103:44  Error: Unexpected 
any. Specify a different 
type.  @typescript-eslint/no
-explicit-any
104:52  Error: Unexpected 
any. Specify a different 
type.  @typescript-eslint/no
-explicit-any
105:49  Error: Unexpected 
any. Specify a different 
type.  @typescript-eslint/no
-explicit-any
106:78  Error: Unexpected 
any. Specify a different 
type.  @typescript-eslint/no
-explicit-any
107:91  Error: Unexpected 
any. Specify a different 
type.  @typescript-eslint/no
-explicit-any
122:53  Error: Unexpected 
any. Specify a different 
type.  @typescript-eslint/no
-explicit-any
147:59  Error: Unexpected 
any. Specify a different 
type.  @typescript-eslint/no
-explicit-any
152:58  Error: Unexpected 
any. Specify a different 
type.  @typescript-eslint/no
-explicit-any
347:31  Error: Unexpected 
any. Specify a different 
type.  @typescript-eslint/no
-explicit-any
349:34  Error: Unexpected 
any. Specify a different 
type.  @typescript-eslint/no
-explicit-any
354:43  Error: Unexpected 
any. Specify a different 
type.  @typescript-eslint/no
-explicit-any
377:26  Error: Unexpected 
any. Specify a different 
type.  @typescript-eslint/no
-explicit-any

./pages/api/search/index.ts
79:56  Error: Unexpected 
any. Specify a different 
type.  @typescript-eslint/no
-explicit-any
83:48  Error: Unexpected 
any. Specify a different 
type.  @typescript-eslint/no
-explicit-any

./pages/api/users/block/[blo
ckedUserId].ts
47:19  Error: Unexpected 
any. Specify a different 
type.  @typescript-eslint/no
-explicit-any

./pages/api/users/blocked.ts
55:19  Error: Unexpected 
any. Specify a different 
type.  @typescript-eslint/no
-explicit-any

./pages/api/users/deactivate
.ts
2:55  Warning: 'Post' is 
defined but never used.  @ty
pescript-eslint/no-unused-va
rs
2:61  Warning: 'Message' is 
defined but never used.  @ty
pescript-eslint/no-unused-va
rs
2:70  Warning: 'Comment' is 
defined but never used.  @ty
pescript-eslint/no-unused-va
rs
2:79  Warning: 'Aura' is 
defined but never used.  @ty
pescript-eslint/no-unused-va
rs
2:85  Warning: 'Follower' 
is defined but never used.  
@typescript-eslint/no-unused
-vars
2:95  Warning: 
'FollowRequest' is defined 
but never used.  @typescript
-eslint/no-unused-vars
72:19  Error: Unexpected 
any. Specify a different 
type.  @typescript-eslint/no
-explicit-any

./pages/api/users/delete.ts
83:19  Error: Unexpected 
any. Specify a different 
type.  @typescript-eslint/no
-explicit-any

./pages/api/users/export-dat
a.ts
52:13  Warning: 
'password_hash' is assigned 
a value but never used.  @ty
pescript-eslint/no-unused-va
rs
75:19  Error: Unexpected 
any. Specify a different 
type.  @typescript-eslint/no
-explicit-any

./pages/api/users/follow.ts
60:12  Error: Unexpected 
any. Specify a different 
type.  @typescript-eslint/no
-explicit-any
65:24  Error: Unexpected 
any. Specify a different 
type.  @typescript-eslint/no
-explicit-any
66:23  Error: Unexpected 
any. Specify a different 
type.  @typescript-eslint/no
-explicit-any

./pages/api/users/me/tagged.
ts
17:18  Error: Unexpected 
any. Specify a different 
type.  @typescript-eslint/no
-explicit-any

./pages/api/users/me.ts
40:71  Error: Unexpected 
any. Specify a different 
type.  @typescript-eslint/no
-explicit-any
43:74  Error: Unexpected 
any. Specify a different 
type.  @typescript-eslint/no
-explicit-any
51:53  Error: Unexpected 
any. Specify a different 
type.  @typescript-eslint/no
-explicit-any
75:17  Error: Unexpected 
any. Specify a different 
type.  @typescript-eslint/no
-explicit-any
105:76  Error: Unexpected 
any. Specify a different 
type.  @typescript-eslint/no
-explicit-any
127:84  Error: Unexpected 
any. Specify a different 
type.  @typescript-eslint/no
-explicit-any
133:23  Error: Unexpected 
any. Specify a different 
type.  @typescript-eslint/no
-explicit-any

./pages/api/users/privacy.ts
2:55  Warning: 
'serializeDoc' is defined 
but never used.  @typescript
-eslint/no-unused-vars
51:36  Error: Unexpected 
any. Specify a different 
type.  @typescript-eslint/no
-explicit-any
52:36  Error: Unexpected 
any. Specify a different 
type.  @typescript-eslint/no
-explicit-any
53:33  Error: Unexpected 
any. Specify a different 
type.  @typescript-eslint/no
-explicit-any
54:33  Error: Unexpected 
any. Specify a different 
type.  @typescript-eslint/no
-explicit-any
58:19  Error: Unexpected 
any. Specify a different 
type.  @typescript-eslint/no
-explicit-any
77:22  Error: Unexpected 
any. Specify a different 
type.  @typescript-eslint/no
-explicit-any
108:35  Error: Unexpected 
any. Specify a different 
type.  @typescript-eslint/no
-explicit-any
121:19  Error: Unexpected 
any. Specify a different 
type.  @typescript-eslint/no
-explicit-any

./pages/api/users/requests.t
s
38:57  Error: Unexpected 
any. Specify a different 
type.  @typescript-eslint/no
-explicit-any
76:12  Error: Unexpected 
any. Specify a different 
type.  @typescript-eslint/no
-explicit-any

./pages/api/users/suggestion
s.ts
2:38  Warning: 'withRetry' 
is defined but never used.  
@typescript-eslint/no-unused
-vars
70:50  Error: Unexpected 
any. Specify a different 
type.  @typescript-eslint/no
-explicit-any
100:19  Error: Unexpected 
any. Specify a different 
type.  @typescript-eslint/no
-explicit-any
109:10  Error: Unexpected 
any. Specify a different 
type.  @typescript-eslint/no
-explicit-any
110:14  Error: Unexpected 
any. Specify a different 
type.  @typescript-eslint/no
-explicit-any
164:10  Error: Unexpected 
any. Specify a different 
type.  @typescript-eslint/no
-explicit-any
165:14  Error: Unexpected 
any. Specify a different 
type.  @typescript-eslint/no
-explicit-any

./pages/api/users/[userId]/f
ollow.ts
69:18  Error: Unexpected 
any. Specify a different 
type.  @typescript-eslint/no
-explicit-any
110:14  Error: Unexpected 
any. Specify a different 
type.  @typescript-eslint/no
-explicit-any

./pages/api/users/[userId]/f
ollowers.ts
55:74  Error: Unexpected 
any. Specify a different 
type.  @typescript-eslint/no
-explicit-any
62:47  Error: Unexpected 
any. Specify a different 
type.  @typescript-eslint/no
-explicit-any

./pages/api/users/[userId]/f
ollowing.ts
55:76  Error: Unexpected 
any. Specify a different 
type.  @typescript-eslint/no
-explicit-any
62:48  Error: Unexpected 
any. Specify a different 
type.  @typescript-eslint/no
-explicit-any

./pages/api/users/[userId].t
s
115:92  Error: Unexpected 
any. Specify a different 
type.  @typescript-eslint/no
-explicit-any
120:79  Error: Unexpected 
any. Specify a different 
type.  @typescript-eslint/no
-explicit-any
121:32  Error: Unexpected 
any. Specify a different 
type.  @typescript-eslint/no
-explicit-any
188:19  Error: Unexpected 
any. Specify a different 
type.  @typescript-eslint/no
-explicit-any
212:23  Error: Unexpected 
any. Specify a different 
type.  @typescript-eslint/no
-explicit-any

./pages/api/users.ts
21:19  Error: Unexpected 
any. Specify a different 
type.  @typescript-eslint/no
-explicit-any
54:39  Error: Unexpected 
any. Specify a different 
type.  @typescript-eslint/no
-explicit-any

./components/AuthModal.tsx
64:14  Warning: 'error' is 
defined but never used.  @ty
pescript-eslint/no-unused-va
rs

./components/ContactsList.ts
x
30:6  Warning: React Hook 
useEffect has a missing 
dependency: 'loadContacts'. 
Either include it or remove 
the dependency array.  
react-hooks/exhaustive-deps
51:19  Error: Unexpected 
any. Specify a different 
type.  @typescript-eslint/no
-explicit-any

./components/CreatePostModal
.tsx
189:6  Warning: React Hook 
React.useEffect has missing 
dependencies: 
'clampOffsets', 'offsetX', 
and 'offsetY'. Either 
include them or remove the 
dependency array.  
react-hooks/exhaustive-deps
231:21  Error: Unexpected 
any. Specify a different 
type.  @typescript-eslint/no
-explicit-any
495:49  Error: Unexpected 
any. Specify a different 
type.  @typescript-eslint/no
-explicit-any
496:49  Error: Unexpected 
any. Specify a different 
type.  @typescript-eslint/no
-explicit-any
499:50  Error: Unexpected 
any. Specify a different 
type.  @typescript-eslint/no
-explicit-any
500:49  Error: Unexpected 
any. Specify a different 
type.  @typescript-eslint/no
-explicit-any

./components/FollowButton.ts
x
47:35  Error: Unexpected 
any. Specify a different 
type.  @typescript-eslint/no
-explicit-any
74:21  Error: Unexpected 
any. Specify a different 
type.  @typescript-eslint/no
-explicit-any
86:6  Warning: React Hook 
useCallback has missing 
dependencies: 
'requestState' and 
'requested'. Either include 
them or remove the 
dependency array. If 
'setRequestState' needs the 
current value of 
'requested', you can also 
switch to useReducer 
instead of useState and 
read 'requested' in the 
reducer.  
react-hooks/exhaustive-deps

./components/FollowersListMo
dal.tsx
109:17  Error: Unexpected 
any. Specify a different 
type.  @typescript-eslint/no
-explicit-any
117:6  Warning: React Hook 
useCallback has missing 
dependencies: 'hasMore', 
'loading', and 'offset'. 
Either include them or 
remove the dependency 
array.  
react-hooks/exhaustive-deps
137:17  Error: Unexpected 
any. Specify a different 
type.  @typescript-eslint/no
-explicit-any

./components/MasonryTile.tsx
2:59  Warning: 'useMemo' is 
defined but never used.  @ty
pescript-eslint/no-unused-va
rs
32:25  Error: Unexpected 
any. Specify a different 
type.  @typescript-eslint/no
-explicit-any
33:29  Error: Unexpected 
any. Specify a different 
type.  @typescript-eslint/no
-explicit-any

./components/Messages.tsx
60:10  Warning: 
'conversationId' is 
assigned a value but never 
used.  @typescript-eslint/no
-unused-vars
78:6  Warning: React Hook 
useEffect has missing 
dependencies: 
'joinConversation', 
'leaveConversation', and 
'loadInitialMessages'. 
Either include them or 
remove the dependency 
array.  
react-hooks/exhaustive-deps
103:54  Error: Unexpected 
any. Specify a different 
type.  @typescript-eslint/no
-explicit-any
110:57  Error: Unexpected 
any. Specify a different 
type.  @typescript-eslint/no
-explicit-any
110:80  Error: Unexpected 
any. Specify a different 
type.  @typescript-eslint/no
-explicit-any
120:49  Error: Unexpected 
any. Specify a different 
type.  @typescript-eslint/no
-explicit-any
155:7  Warning: Expected an 
assignment or function call 
and instead saw an 
expression.  @typescript-esl
int/no-unused-expressions
156:7  Warning: Expected an 
assignment or function call 
and instead saw an 
expression.  @typescript-esl
int/no-unused-expressions
157:7  Warning: Expected an 
assignment or function call 
and instead saw an 
expression.  @typescript-esl
int/no-unused-expressions
159:6  Warning: React Hook 
useEffect has missing 
dependencies: 
'confirmMessageReceived', 
'onNewMessage', 
'onStoppedTyping', 
'onTyping', and 'user'. 
Either include them or 
remove the dependency 
array.  
react-hooks/exhaustive-deps
168:21  Error: Unexpected 
any. Specify a different 
type.  @typescript-eslint/no
-explicit-any
178:50  Error: Unexpected 
any. Specify a different 
type.  @typescript-eslint/no
-explicit-any
196:7  Warning: Expected an 
assignment or function call 
and instead saw an 
expression.  @typescript-esl
int/no-unused-expressions
197:7  Warning: Expected an 
assignment or function call 
and instead saw an 
expression.  @typescript-esl
int/no-unused-expressions
198:7  Warning: Expected an 
assignment or function call 
and instead saw an 
expression.  @typescript-esl
int/no-unused-expressions
205:6  Warning: React Hook 
useEffect has a missing 
dependency: 
'scrollToBottom'. Either 
include it or remove the 
dependency array.  
react-hooks/exhaustive-deps
229:22  Error: Unexpected 
any. Specify a different 
type.  @typescript-eslint/no
-explicit-any
232:44  Error: Unexpected 
any. Specify a different 
type.  @typescript-eslint/no
-explicit-any
233:33  Error: Unexpected 
any. Specify a different 
type.  @typescript-eslint/no
-explicit-any
234:21  Error: Unexpected 
any. Specify a different 
type.  @typescript-eslint/no
-explicit-any
234:57  Error: Unexpected 
any. Specify a different 
type.  @typescript-eslint/no
-explicit-any
236:38  Error: Unexpected 
any. Specify a different 
type.  @typescript-eslint/no
-explicit-any
237:33  Error: Unexpected 
any. Specify a different 
type.  @typescript-eslint/no
-explicit-any
242:46  Error: Unexpected 
any. Specify a different 
type.  @typescript-eslint/no
-explicit-any
246:53  Error: Unexpected 
any. Specify a different 
type.  @typescript-eslint/no
-explicit-any
270:12  Error: Unexpected 
any. Specify a different 
type.  @typescript-eslint/no
-explicit-any
288:23  Error: Unexpected 
any. Specify a different 
type.  @typescript-eslint/no
-explicit-any
306:45  Error: Unexpected 
any. Specify a different 
type.  @typescript-eslint/no
-explicit-any
323:50  Error: Unexpected 
any. Specify a different 
type.  @typescript-eslint/no
-explicit-any
335:12  Error: Unexpected 
any. Specify a different 
type.  @typescript-eslint/no
-explicit-any
454:38  Error: Unexpected 
any. Specify a different 
type.  @typescript-eslint/no
-explicit-any
457:38  Error: Unexpected 
any. Specify a different 
type.  @typescript-eslint/no
-explicit-any
460:38  Error: Unexpected 
any. Specify a different 
type.  @typescript-eslint/no
-explicit-any
463:38  Error: Unexpected 
any. Specify a different 
type.  @typescript-eslint/no
-explicit-any
467:39  Error: Unexpected 
any. Specify a different 
type.  @typescript-eslint/no
-explicit-any

./components/MessagesSimple.
tsx
11:46  Warning: 
'otherUserId' is defined 
but never used.  @typescript
-eslint/no-unused-vars
12:11  Warning: 'user' is 
assigned a value but never 
used.  @typescript-eslint/no
-unused-vars

./components/MiniChatWindow.
tsx
68:24  Error: Unexpected 
any. Specify a different 
type.  @typescript-eslint/no
-explicit-any
71:46  Error: Unexpected 
any. Specify a different 
type.  @typescript-eslint/no
-explicit-any
72:35  Error: Unexpected 
any. Specify a different 
type.  @typescript-eslint/no
-explicit-any
73:23  Error: Unexpected 
any. Specify a different 
type.  @typescript-eslint/no
-explicit-any
73:59  Error: Unexpected 
any. Specify a different 
type.  @typescript-eslint/no
-explicit-any
75:40  Error: Unexpected 
any. Specify a different 
type.  @typescript-eslint/no
-explicit-any
76:35  Error: Unexpected 
any. Specify a different 
type.  @typescript-eslint/no
-explicit-any
81:48  Error: Unexpected 
any. Specify a different 
type.  @typescript-eslint/no
-explicit-any
84:55  Error: Unexpected 
any. Specify a different 
type.  @typescript-eslint/no
-explicit-any
126:51  Error: Unexpected 
any. Specify a different 
type.  @typescript-eslint/no
-explicit-any
126:74  Error: Unexpected 
any. Specify a different 
type.  @typescript-eslint/no
-explicit-any
134:51  Error: Unexpected 
any. Specify a different 
type.  @typescript-eslint/no
-explicit-any
148:20  Warning: Expected 
an assignment or function 
call and instead saw an 
expression.  @typescript-esl
int/no-unused-expressions
160:23  Error: Unexpected 
any. Specify a different 
type.  @typescript-eslint/no
-explicit-any
171:45  Error: Unexpected 
any. Specify a different 
type.  @typescript-eslint/no
-explicit-any

./components/PostCard.tsx
60:10  Warning: 
'showOptions' is assigned a 
value but never used.  @type
script-eslint/no-unused-vars
76:39  Error: Unexpected 
any. Specify a different 
type.  @typescript-eslint/no
-explicit-any
158:21  Error: Unexpected 
any. Specify a different 
type.  @typescript-eslint/no
-explicit-any
230:6  Warning: React Hook 
useCallback has a missing 
dependency: 'authorName'. 
Either include it or remove 
the dependency array.  
react-hooks/exhaustive-deps
297:21  Error: Unexpected 
any. Specify a different 
type.  @typescript-eslint/no
-explicit-any
305:9  Warning: 
'handleDelete' is assigned 
a value but never used.  @ty
pescript-eslint/no-unused-va
rs
323:21  Error: Unexpected 
any. Specify a different 
type.  @typescript-eslint/no
-explicit-any
330:6  Warning: React Hook 
useCallback has a missing 
dependency: 'isDeleting'. 
Either include it or remove 
the dependency array.  
react-hooks/exhaustive-deps

./components/PostModal.tsx
73:10  Warning: 
'videoDuration' is assigned 
a value but never used.  @ty
pescript-eslint/no-unused-va
rs
110:39  Error: Unexpected 
any. Specify a different 
type.  @typescript-eslint/no
-explicit-any
364:90  Error: Unexpected 
any. Specify a different 
type.  @typescript-eslint/no
-explicit-any
373:25  Error: Unexpected 
any. Specify a different 
type.  @typescript-eslint/no
-explicit-any
374:29  Error: Unexpected 
any. Specify a different 
type.  @typescript-eslint/no
-explicit-any
379:14  Warning: 'e' is 
defined but never used.  @ty
pescript-eslint/no-unused-va
rs
408:10  Error: Unexpected 
any. Specify a different 
type.  @typescript-eslint/no
-explicit-any
493:48  Warning: 'mediaUrl' 
is defined but never used.  
@typescript-eslint/no-unused
-vars
505:9  Warning: 
'getAspectRatio' is 
assigned a value but never 
used.  @typescript-eslint/no
-unused-vars
737:80  Error: Unexpected 
any. Specify a different 
type.  @typescript-eslint/no
-explicit-any
740:36  Warning: 'e' is 
defined but never used.  @ty
pescript-eslint/no-unused-va
rs
954:45  Error: Unexpected 
any. Specify a different 
type.  @typescript-eslint/no
-explicit-any
955:49  Error: Unexpected 
any. Specify a different 
type.  @typescript-eslint/no
-explicit-any
1157:99  Error: `"` can be 
escaped with `&quot;`, 
`&ldquo;`, `&#34;`, 
`&rdquo;`.  
react/no-unescaped-entities
1157:112  Error: `"` can be 
escaped with `&quot;`, 
`&ldquo;`, `&#34;`, 
`&rdquo;`.  
react/no-unescaped-entities

./components/SuggestedUsers.
tsx
26:9  Warning: 'error' is 
assigned a value but never 
used.  @typescript-eslint/no
-unused-vars
41:48  Error: Unexpected 
any. Specify a different 
type.  @typescript-eslint/no
-explicit-any
49:78  Error: Unexpected 
any. Specify a different 
type.  @typescript-eslint/no
-explicit-any
63:16  Error: Unexpected 
any. Specify a different 
type.  @typescript-eslint/no
-explicit-any

./lib/dataFetcher.ts
27:46  Error: Unexpected 
any. Specify a different 
type.  @typescript-eslint/no
-explicit-any
28:53  Error: Unexpected 
any. Specify a different 
type.  @typescript-eslint/no
-explicit-any
207:23  Error: Unexpected 
any. Specify a different 
type.  @typescript-eslint/no
-explicit-any
325:46  Error: Unexpected 
any. Specify a different 
type.  @typescript-eslint/no
-explicit-any
325:56  Error: Unexpected 
any. Specify a different 
type.  @typescript-eslint/no
-explicit-any
339:46  Error: Unexpected 
any. Specify a different 
type.  @typescript-eslint/no
-explicit-any
339:56  Error: Unexpected 
any. Specify a different 
type.  @typescript-eslint/no
-explicit-any

./lib/mongodb.ts
30:14  Warning: 'error' is 
defined but never used.  @ty
pescript-eslint/no-unused-va
rs
56:32  Error: Unexpected 
any. Specify a different 
type.  @typescript-eslint/no
-explicit-any
103:21  Error: Unexpected 
any. Specify a different 
type.  @typescript-eslint/no
-explicit-any
285:26  Error: Unexpected 
any. Specify a different 
type.  @typescript-eslint/no
-explicit-any
295:18  Error: Unexpected 
any. Specify a different 
type.  @typescript-eslint/no
-explicit-any
300:21  Error: Unexpected 
any. Specify a different 
type.  @typescript-eslint/no
-explicit-any
419:74  Error: Unexpected 
any. Specify a different 
type.  @typescript-eslint/no
-explicit-any
422:21  Error: Unexpected 
any. Specify a different 
type.  @typescript-eslint/no
-explicit-any
439:71  Error: Unexpected 
any. Specify a different 
type.  @typescript-eslint/no
-explicit-any

./lib/redis.ts
129:19  Error: Unexpected 
any. Specify a different 
type.  @typescript-eslint/no
-explicit-any
184:19  Error: Unexpected 
any. Specify a different 
type.  @typescript-eslint/no
-explicit-any
202:19  Error: Unexpected 
any. Specify a different 
type.  @typescript-eslint/no
-explicit-any
218:19  Error: Unexpected 
any. Specify a different 
type.  @typescript-eslint/no
-explicit-any
229:19  Error: Unexpected 
any. Specify a different 
type.  @typescript-eslint/no
-explicit-any

./lib/socialGraph.ts
15:20  Warning: 'Document' 
is defined but never used.  
@typescript-eslint/no-unused
-vars
15:30  Warning: 'WithId' is 
defined but never used.  @ty
pescript-eslint/no-unused-va
rs
15:38  Warning: 
'Collection' is defined but 
never used.  @typescript-esl
int/no-unused-vars
16:17  Warning: 
'getCollection' is defined 
but never used.  @typescript
-eslint/no-unused-vars
16:51  Warning: 'withRetry' 
is defined but never used.  
@typescript-eslint/no-unused
-vars
232:27  Error: Unexpected 
any. Specify a different 
type.  @typescript-eslint/no
-explicit-any

./lib/upload.ts
75:17  Error: Unexpected 
any. Specify a different 
type.  @typescript-eslint/no
-explicit-any
75:50  Error: Unexpected 
any. Specify a different 
type.  @typescript-eslint/no
-explicit-any
143:11  Error: Unexpected 
any. Specify a different 
type.  @typescript-eslint/no
-explicit-any
164:21  Error: Unexpected 
any. Specify a different 
type.  @typescript-eslint/no
-explicit-any
178:31  Error: Unexpected 
any. Specify a different 
type.  @typescript-eslint/no
-explicit-any
226:12  Warning: 'e' is 
defined but never used.  @ty
pescript-eslint/no-unused-va
rs

./lib/validation.ts
94:40  Error: Unexpected 
any. Specify a different 
type.  @typescript-eslint/no
-explicit-any
113:41  Error: Unexpected 
any. Specify a different 
type.  @typescript-eslint/no
-explicit-any
113:47  Error: Unexpected 
any. Specify a different 
type.  @typescript-eslint/no
-explicit-any
133:22  Error: Unexpected 
any. Specify a different 
type.  @typescript-eslint/no
-explicit-any
222:62  Error: Unexpected 
any. Specify a different 
type.  @typescript-eslint/no
-explicit-any
238:51  Error: Unexpected 
any. Specify a different 
type.  @typescript-eslint/no
-explicit-any

info  - Need to disable 
some ESLint rules? Learn 
more here: https://nextjs.or
g/docs/app/api-reference/con
fig/eslint#disabling-rules
